2026-09-14T03:19:21.434966Z  WARN sum100: PRODUCTION selected explicitly; read-only market data
2026-09-14T03:19:21.598856Z  INFO sum100::feed::kalshi: connected and subscription sent url="wss://external-api-ws.kalshi.com/trade-api/ws/v2" tickers=["KXBTCD-26SEP1417-T76999.99", "KXBTCD-26SEP1417-T77499.99", "KXBTCD-26SEP1417-T77749.99", "KXBTCD-26SEP1417-T77999.99"]
2026-09-14T03:19:51.445293Z  INFO sum100::metrics: feed metrics venue=Kalshi self=Metrics { messages_received: 547, parse_errors: 0, parse_attempts: 547, unknown_messages: 0, reconnections: 0, bytes_recorded: 209606, discarded_size_hundredths: 1124, latency_buckets: [0, 0, 0, 0, 0, 0, 542], clock_skew_samples: 0 }
2026-09-14T03:28:01.473539Z  INFO sum100::metrics: feed metrics venue=Kalshi self=Metrics { messages_received: 579, parse_errors: 0, parse_attempts: 579, unknown_messages: 0, reconnections: 0, bytes_recorded: 221447, discarded_size_hundredths: 1124, latency_buckets: [0, 0, 0, 0, 0, 0, 574], clock_skew_samples: 0 }
2026-09-14T03:28:01.474879Z  WARN sum100::feed::kalshi: websocket idle timeout
2026-09-14T03:28:01.476184Z  WARN sum100::feed::kalshi: feed disconnected reason="websocket idle timeout"
2026-09-14T03:28:01.485418Z  INFO sum100::metrics: feed metrics venue=Kalshi self=Metrics { messages_received: 579, parse_errors: 0, parse_attempts: 579, unknown_messages: 0, reconnections: 0, bytes_recorded: 221587, discarded_size_hundredths: 1124, latency_buckets: [0, 0, 0, 0, 0, 0, 574], clock_skew_samples: 0 }
2026-09-14T03:28:01.485608Z  INFO sum100::metrics: feed metrics venue=Kalshi self=Metrics { messages_received: 579, parse_errors: 0, parse_attempts: 579, unknown_messages: 0, reconnections: 0, bytes_recorded: 221587, discarded_size_hundredths: 1124, latency_buckets: [0, 0, 0, 0, 0, 0, 574], clock_skew_samples: 0 }
2026-09-14T03:28:01.485621Z  INFO sum100::metrics: feed metrics venue=Kalshi self=Metrics { messages_received: 579, parse_errors: 0, parse_attempts: 579, unknown_messages: 0, reconnections: 0, bytes_recorded: 221587, discarded_size_hundredths: 1124, latency_buckets: [0, 0, 0, 0, 0, 0, 574], clock_skew_samples: 0 }
2026-09-14T03:28:01.485628Z  INFO sum100::metrics: feed metrics venue=Kalshi self=Metrics { messages_received: 579, parse_errors: 0, parse_attempts: 579, unknown_messages: 0, reconnections: 0, bytes_recorded: 221587, discarded_size_hundredths: 1124, latency_buckets: [0, 0, 0, 0, 0, 0, 574], clock_skew_samples: 0 }
2026-09-14T03:28:01.485634Z  INFO sum100::metrics: feed metrics venue=Kalshi self=Metrics { messages_received: 579, parse_errors: 0, parse_attempts: 579, unknown_messages: 0, reconnections: 0, bytes_recorded: 221587, discarded_size_hundredths: 1124, latency_buckets: [0, 0, 0, 0, 0, 0, 574], clock_skew_samples: 0 }
2026-09-14T03:28:01.485639Z  INFO sum100::metrics: feed metrics venue=Kalshi self=Metrics { messages_received: 579, parse_errors: 0, parse_attempts: 579, unknown_messages: 0, reconnections: 0, bytes_recorded: 221587, discarded_size_hundredths: 1124, latency_buckets: [0, 0, 0, 0, 0, 0, 574], clock_skew_samples: 0 }
2026-09-14T03:28:01.485644Z  INFO sum100::metrics: feed metrics venue=Kalshi self=Metrics { messages_received: 579, parse_errors: 0, parse_attempts: 579, unknown_messages: 0, reconnections: 0, bytes_recorded: 221587, discarded_size_hundredths: 1124, latency_buckets: [0, 0, 0, 0, 0, 0, 574], clock_skew_samples: 0 }
2026-09-14T03:28:01.485650Z  INFO sum100::metrics: feed metrics venue=Kalshi self=Metrics { messages_received: 579, parse_errors: 0, parse_attempts: 579, unknown_messages: 0, reconnections: 0, bytes_recorded: 221587, discarded_size_hundredths: 1124, latency_buckets: [0, 0, 0, 0, 0, 0, 574], clock_skew_samples: 0 }
2026-09-14T03:28:01.485658Z  INFO sum100::metrics: feed metrics venue=Kalshi self=Metrics { messages_received: 579, parse_errors: 0, parse_attempts: 579, unknown_messages: 0, reconnections: 0, bytes_recorded: 221587, discarded_size_hundredths: 1124, latency_buckets: [0, 0, 0, 0, 0, 0, 574], clock_skew_samples: 0 }
2026-09-14T03:28:01.485664Z  INFO sum100::metrics: feed metrics venue=Kalshi self=Metrics { messages_received: 579, parse_errors: 0, parse_attempts: 579, unknown_messages: 0, reconnections: 0, bytes_recorded: 221587, discarded_size_hundredths: 1124, latency_buckets: [0, 0, 0, 0, 0, 0, 574], clock_skew_samples: 0 }
2026-09-14T03:28:01.485713Z  INFO sum100::metrics: feed metrics venue=Kalshi self=Metrics { messages_received: 579, parse_errors: 0, parse_attempts: 579, unknown_messages: 0, reconnections: 0, bytes_recorded: 221587, discarded_size_hundredths: 1124, latency_buckets: [0, 0, 0, 0, 0, 0, 574], clock_skew_samples: 0 }
2026-09-14T03:28:01.485718Z  INFO sum100::metrics: feed metrics venue=Kalshi self=Metrics { messages_received: 579, parse_errors: 0, parse_attempts: 579, unknown_messages: 0, reconnections: 0, bytes_recorded: 221587, discarded_size_hundredths: 1124, latency_buckets: [0, 0, 0, 0, 0, 0, 574], clock_skew_samples: 0 }
2026-09-14T03:28:01.485723Z  INFO sum100::metrics: feed metrics venue=Kalshi self=Metrics { messages_received: 579, parse_errors: 0, parse_attempts: 579, unknown_messages: 0, reconnections: 0, bytes_recorded: 221587, discarded_size_hundredths: 1124, latency_buckets: [0, 0, 0, 0, 0, 0, 574], clock_skew_samples: 0 }
2026-09-14T03:28:01.485728Z  INFO sum100::metrics: feed metrics venue=Kalshi self=Metrics { messages_received: 579, parse_errors: 0, parse_attempts: 579, unknown_messages: 0, reconnections: 0, bytes_recorded: 221587, discarded_size_hundredths: 1124, latency_buckets: [0, 0, 0, 0, 0, 0, 574], clock_skew_samples: 0 }
2026-09-14T03:28:01.485731Z  INFO sum100::metrics: feed metrics venue=Kalshi self=Metrics { messages_received: 579, parse_errors: 0, parse_attempts: 579, unknown_messages: 0, reconnections: 0, bytes_recorded: 221587, discarded_size_hundredths: 1124, latency_buckets: [0, 0, 0, 0, 0, 0, 574], clock_skew_samples: 0 }
2026-09-14T03:28:01.930413Z  INFO sum100::feed::kalshi: connected and subscription sent url="wss://external-api-ws.kalshi.com/trade-api/ws/v2" tickers=["KXBTCD-26SEP1417-T76999.99", "KXBTCD-26SEP1417-T77499.99", "KXBTCD-26SEP1417-T77749.99", "KXBTCD-26SEP1417-T77999.99"]
2026-09-14T03:28:21.446501Z  INFO sum100::metrics: feed metrics venue=Kalshi self=Metrics { messages_received: 1026, parse_errors: 0, parse_attempts: 1026, unknown_messages: 0, reconnections: 1, bytes_recorded: 394098, discarded_size_hundredths: 2178, latency_buckets: [0, 0, 0, 0, 0, 0, 1016], clock_skew_samples: 0 }
2026-09-14T03:28:51.445760Z  INFO sum100::metrics: feed metrics venue=Kalshi self=Metrics { messages_received: 1868, parse_errors: 0, parse_attempts: 1868, unknown_messages: 0, reconnections: 1, bytes_recorded: 706489, discarded_size_hundredths: 2355, latency_buckets: [0, 0, 0, 0, 0, 0, 1858], clock_skew_samples: 0 }
2026-09-14T03:29:21.446107Z  INFO sum100::metrics: feed metrics venue=Kalshi self=Metrics { messages_received: 2282, parse_errors: 0, parse_attempts: 2282, unknown_messages: 0, reconnections: 1, bytes_recorded: 860273, discarded_size_hundredths: 2355, latency_buckets: [0, 0, 0, 0, 0, 0, 2272], clock_skew_samples: 0 }
2026-09-14T03:29:21.448627Z  INFO sum100::metrics: feed metrics venue=Kalshi self=Metrics { messages_received: 2282, parse_errors: 0, parse_attempts: 2282, unknown_messages: 0, reconnections: 1, bytes_recorded: 860273, discarded_size_hundredths: 2355, latency_buckets: [0, 0, 0, 0, 0, 0, 2272], clock_skew_samples: 0 }
2026-09-14T03:29:21.450024Z  INFO sum100::book: book store metrics self=BookMetrics { snapshots_applied: 8, deltas_applied: 2272, deltas_skipped_not_live: 0, sequence_gaps: 0, resync_requests: 0, negative_level_clamps: 1, crossed_books_observed: 0 } uninitialized=0 resyncing=0 live=4
2026-09-14T03:29:21.450487Z  INFO sum100: dump finished and gzip flushed metrics=Metrics { messages_received: 2282, parse_errors: 0, parse_attempts: 2282, unknown_messages: 0, reconnections: 1, bytes_recorded: 860273, discarded_size_hundredths: 2355, latency_buckets: [0, 0, 0, 0, 0, 0, 2272], clock_skew_samples: 0 }
